Archive member included because of file (symbol)

/usr/lib/gcc/avr/4.7.2/avr25/tiny-stack/libgcc.a(_mulhi3.o)
                              build/rfm12.o (__mulhi3)
/usr/lib/gcc/avr/4.7.2/avr25/tiny-stack/libgcc.a(_exit.o)
                              /usr/lib/gcc/avr/4.7.2/../../../avr/lib/crttn2313.o (exit)
/usr/lib/gcc/avr/4.7.2/avr25/tiny-stack/libgcc.a(_copy_data.o)
                              build/rfm12.o (__do_copy_data)
/usr/lib/gcc/avr/4.7.2/avr25/tiny-stack/libgcc.a(_clear_bss.o)
                              build/rfm12.o (__do_clear_bss)
/usr/lib/gcc/avr/4.7.2/../../../avr/lib/libc.a(memcpy.o)
                              build/rfm12.o (memcpy)

Allocating common symbols
Common symbol       size              file

cycle               0x1               build/main.o
ctrl                0xa               build/rfm12.o
rf_rx_buffers       0xc               build/rfm12.o
rf_tx_buffer        0x7               build/rfm12.o
delay               0x1               build/main.o
numberToDisplay     0x4               build/main.o

Memory Configuration

Name             Origin             Length             Attributes
text             0x0000000000000000 0x0000000000002000 xr
data             0x0000000000800060 0x000000000000ffa0 rw !x
eeprom           0x0000000000810000 0x0000000000010000 rw !x
fuse             0x0000000000820000 0x0000000000000400 rw !x
lock             0x0000000000830000 0x0000000000000400 rw !x
signature        0x0000000000840000 0x0000000000000400 rw !x
*default*        0x0000000000000000 0xffffffffffffffff

Linker script and memory map

LOAD /usr/lib/gcc/avr/4.7.2/../../../avr/lib/crttn2313.o
LOAD build/rfm12.o
LOAD build/main.o
LOAD /usr/lib/gcc/avr/4.7.2/avr25/tiny-stack/libgcc.a
LOAD /usr/lib/gcc/avr/4.7.2/../../../avr/lib/libc.a
LOAD /usr/lib/gcc/avr/4.7.2/avr25/tiny-stack/libgcc.a

.hash
 *(.hash)

.dynsym
 *(.dynsym)

.dynstr
 *(.dynstr)

.gnu.version
 *(.gnu.version)

.gnu.version_d
 *(.gnu.version_d)

.gnu.version_r
 *(.gnu.version_r)

.rel.init
 *(.rel.init)

.rela.init
 *(.rela.init)

.rel.text
 *(.rel.text)
 *(.rel.text.*)
 *(.rel.gnu.linkonce.t*)

.rela.text
 *(.rela.text)
 *(.rela.text.*)
 *(.rela.gnu.linkonce.t*)

.rel.fini
 *(.rel.fini)

.rela.fini
 *(.rela.fini)

.rel.rodata
 *(.rel.rodata)
 *(.rel.rodata.*)
 *(.rel.gnu.linkonce.r*)

.rela.rodata
 *(.rela.rodata)
 *(.rela.rodata.*)
 *(.rela.gnu.linkonce.r*)

.rel.data
 *(.rel.data)
 *(.rel.data.*)
 *(.rel.gnu.linkonce.d*)

.rela.data
 *(.rela.data)
 *(.rela.data.*)
 *(.rela.gnu.linkonce.d*)

.rel.ctors
 *(.rel.ctors)

.rela.ctors
 *(.rela.ctors)

.rel.dtors
 *(.rel.dtors)

.rela.dtors
 *(.rela.dtors)

.rel.got
 *(.rel.got)

.rela.got
 *(.rela.got)

.rel.bss
 *(.rel.bss)

.rela.bss
 *(.rela.bss)

.rel.plt
 *(.rel.plt)

.rela.plt
 *(.rela.plt)

.text           0x0000000000000000      0x5b8
 *(.vectors)
 .vectors       0x0000000000000000       0x26 /usr/lib/gcc/avr/4.7.2/../../../avr/lib/crttn2313.o
                0x0000000000000000                __vectors
                0x0000000000000000                __vector_default
 *(.vectors)
 *(.progmem.gcc*)
 *(.progmem*)
                0x0000000000000026                . = ALIGN (0x2)
                0x0000000000000026                __trampolines_start = .
 *(.trampolines)
 .trampolines   0x0000000000000026        0x0 linker stubs
 *(.trampolines*)
                0x0000000000000026                __trampolines_end = .
 *(.jumptables)
 *(.jumptables*)
 *(.lowtext)
 *(.lowtext*)
                0x0000000000000026                __ctors_start = .
 *(.ctors)
                0x0000000000000026                __ctors_end = .
                0x0000000000000026                __dtors_start = .
 *(.dtors)
                0x0000000000000026                __dtors_end = .
 SORT(*)(.ctors)
 SORT(*)(.dtors)
 *(.init0)
 .init0         0x0000000000000026        0x0 /usr/lib/gcc/avr/4.7.2/../../../avr/lib/crttn2313.o
                0x0000000000000026                __init
 *(.init0)
 *(.init1)
 *(.init1)
 *(.init2)
 .init2         0x0000000000000026        0x8 /usr/lib/gcc/avr/4.7.2/../../../avr/lib/crttn2313.o
 *(.init2)
 *(.init3)
 *(.init3)
 *(.init4)
 .init4         0x000000000000002e       0x16 /usr/lib/gcc/avr/4.7.2/avr25/tiny-stack/libgcc.a(_copy_data.o)
                0x000000000000002e                __do_copy_data
 .init4         0x0000000000000044       0x10 /usr/lib/gcc/avr/4.7.2/avr25/tiny-stack/libgcc.a(_clear_bss.o)
                0x0000000000000044                __do_clear_bss
 *(.init4)
 *(.init5)
 *(.init5)
 *(.init6)
 *(.init6)
 *(.init7)
 *(.init7)
 *(.init8)
 *(.init8)
 *(.init9)
 .init9         0x0000000000000054        0x4 /usr/lib/gcc/avr/4.7.2/../../../avr/lib/crttn2313.o
 *(.init9)
 *(.text)
 .text          0x0000000000000058        0x2 /usr/lib/gcc/avr/4.7.2/../../../avr/lib/crttn2313.o
                0x0000000000000058                __vector_1
                0x0000000000000058                __vector_12
                0x0000000000000058                __bad_interrupt
                0x0000000000000058                __vector_6
                0x0000000000000058                __vector_3
                0x0000000000000058                __vector_11
                0x0000000000000058                __vector_13
                0x0000000000000058                __vector_17
                0x0000000000000058                __vector_7
                0x0000000000000058                __vector_5
                0x0000000000000058                __vector_9
                0x0000000000000058                __vector_15
                0x0000000000000058                __vector_8
                0x0000000000000058                __vector_14
                0x0000000000000058                __vector_10
                0x0000000000000058                __vector_16
                0x0000000000000058                __vector_18
 .text          0x000000000000005a      0x38a build/rfm12.o
                0x000000000000007a                rfm12_data
                0x000000000000008e                rfm12_read
                0x00000000000000b4                rfm12_read_int_flags_inline
                0x00000000000000cc                rfm12_data_inline
                0x00000000000000ec                rfm12_read_fifo_inline
                0x00000000000000fa                spi_init
                0x0000000000000102                __vector_2
                0x000000000000024c                rfm12_tick
                0x00000000000002c8                rfm12_start_tx
                0x00000000000002ee                rfm12_tx
                0x0000000000000326                rfm12_rx_clear
                0x0000000000000350                rfm12_init
 .text          0x00000000000003e4      0x182 build/main.o
                0x00000000000003e4                __vector_4
                0x00000000000004a8                setup
                0x0000000000000512                loop
 .text          0x0000000000000566        0x0 /usr/lib/gcc/avr/4.7.2/avr25/tiny-stack/libgcc.a(_mulhi3.o)
 .text          0x0000000000000566        0x0 /usr/lib/gcc/avr/4.7.2/avr25/tiny-stack/libgcc.a(_exit.o)
 .text          0x0000000000000566        0x0 /usr/lib/gcc/avr/4.7.2/avr25/tiny-stack/libgcc.a(_copy_data.o)
 .text          0x0000000000000566        0x0 /usr/lib/gcc/avr/4.7.2/avr25/tiny-stack/libgcc.a(_clear_bss.o)
 .text          0x0000000000000566        0x0 /usr/lib/gcc/avr/4.7.2/../../../avr/lib/libc.a(memcpy.o)
                0x0000000000000566                . = ALIGN (0x2)
 *(.text.*)
 .text.startup  0x0000000000000566       0x14 build/main.o
                0x0000000000000566                main
 .text.libgcc.mul
                0x000000000000057a       0x24 /usr/lib/gcc/avr/4.7.2/avr25/tiny-stack/libgcc.a(_mulhi3.o)
                0x000000000000057a                __mulhi3
 .text.libgcc.div
                0x000000000000059e        0x0 /usr/lib/gcc/avr/4.7.2/avr25/tiny-stack/libgcc.a(_mulhi3.o)
 .text.libgcc   0x000000000000059e        0x0 /usr/lib/gcc/avr/4.7.2/avr25/tiny-stack/libgcc.a(_mulhi3.o)
 .text.libgcc.prologue
                0x000000000000059e        0x0 /usr/lib/gcc/avr/4.7.2/avr25/tiny-stack/libgcc.a(_mulhi3.o)
 .text.libgcc.builtins
                0x000000000000059e        0x0 /usr/lib/gcc/avr/4.7.2/avr25/tiny-stack/libgcc.a(_mulhi3.o)
 .text.libgcc.fmul
                0x000000000000059e        0x0 /usr/lib/gcc/avr/4.7.2/avr25/tiny-stack/libgcc.a(_mulhi3.o)
 .text.libgcc.mul
                0x000000000000059e        0x0 /usr/lib/gcc/avr/4.7.2/avr25/tiny-stack/libgcc.a(_exit.o)
 .text.libgcc.div
                0x000000000000059e        0x0 /usr/lib/gcc/avr/4.7.2/avr25/tiny-stack/libgcc.a(_exit.o)
 .text.libgcc   0x000000000000059e        0x0 /usr/lib/gcc/avr/4.7.2/avr25/tiny-stack/libgcc.a(_exit.o)
 .text.libgcc.prologue
                0x000000000000059e        0x0 /usr/lib/gcc/avr/4.7.2/avr25/tiny-stack/libgcc.a(_exit.o)
 .text.libgcc.builtins
                0x000000000000059e        0x0 /usr/lib/gcc/avr/4.7.2/avr25/tiny-stack/libgcc.a(_exit.o)
 .text.libgcc.fmul
                0x000000000000059e        0x0 /usr/lib/gcc/avr/4.7.2/avr25/tiny-stack/libgcc.a(_exit.o)
 .text.libgcc.mul
                0x000000000000059e        0x0 /usr/lib/gcc/avr/4.7.2/avr25/tiny-stack/libgcc.a(_copy_data.o)
 .text.libgcc.div
                0x000000000000059e        0x0 /usr/lib/gcc/avr/4.7.2/avr25/tiny-stack/libgcc.a(_copy_data.o)
 .text.libgcc   0x000000000000059e        0x0 /usr/lib/gcc/avr/4.7.2/avr25/tiny-stack/libgcc.a(_copy_data.o)
 .text.libgcc.prologue
                0x000000000000059e        0x0 /usr/lib/gcc/avr/4.7.2/avr25/tiny-stack/libgcc.a(_copy_data.o)
 .text.libgcc.builtins
                0x000000000000059e        0x0 /usr/lib/gcc/avr/4.7.2/avr25/tiny-stack/libgcc.a(_copy_data.o)
 .text.libgcc.fmul
                0x000000000000059e        0x0 /usr/lib/gcc/avr/4.7.2/avr25/tiny-stack/libgcc.a(_copy_data.o)
 .text.libgcc.mul
                0x000000000000059e        0x0 /usr/lib/gcc/avr/4.7.2/avr25/tiny-stack/libgcc.a(_clear_bss.o)
 .text.libgcc.div
                0x000000000000059e        0x0 /usr/lib/gcc/avr/4.7.2/avr25/tiny-stack/libgcc.a(_clear_bss.o)
 .text.libgcc   0x000000000000059e        0x0 /usr/lib/gcc/avr/4.7.2/avr25/tiny-stack/libgcc.a(_clear_bss.o)
 .text.libgcc.prologue
                0x000000000000059e        0x0 /usr/lib/gcc/avr/4.7.2/avr25/tiny-stack/libgcc.a(_clear_bss.o)
 .text.libgcc.builtins
                0x000000000000059e        0x0 /usr/lib/gcc/avr/4.7.2/avr25/tiny-stack/libgcc.a(_clear_bss.o)
 .text.libgcc.fmul
                0x000000000000059e        0x0 /usr/lib/gcc/avr/4.7.2/avr25/tiny-stack/libgcc.a(_clear_bss.o)
 .text.avr-libc
                0x000000000000059e       0x16 /usr/lib/gcc/avr/4.7.2/../../../avr/lib/libc.a(memcpy.o)
                0x000000000000059e                memcpy
                0x00000000000005b4                . = ALIGN (0x2)
 *(.fini9)
 .fini9         0x00000000000005b4        0x0 /usr/lib/gcc/avr/4.7.2/avr25/tiny-stack/libgcc.a(_exit.o)
                0x00000000000005b4                exit
                0x00000000000005b4                _exit
 *(.fini9)
 *(.fini8)
 *(.fini8)
 *(.fini7)
 *(.fini7)
 *(.fini6)
 *(.fini6)
 *(.fini5)
 *(.fini5)
 *(.fini4)
 *(.fini4)
 *(.fini3)
 *(.fini3)
 *(.fini2)
 *(.fini2)
 *(.fini1)
 *(.fini1)
 *(.fini0)
 .fini0         0x00000000000005b4        0x4 /usr/lib/gcc/avr/4.7.2/avr25/tiny-stack/libgcc.a(_exit.o)
 *(.fini0)
                0x00000000000005b8                _etext = .

.data           0x0000000000800060        0x2 load address 0x00000000000005b8
                0x0000000000800060                PROVIDE (__data_start, .)
 *(.data)
 .data          0x0000000000800060        0x0 /usr/lib/gcc/avr/4.7.2/../../../avr/lib/crttn2313.o
 .data          0x0000000000800060        0x1 build/rfm12.o
 .data          0x0000000000800061        0x0 build/main.o
 .data          0x0000000000800061        0x0 /usr/lib/gcc/avr/4.7.2/avr25/tiny-stack/libgcc.a(_mulhi3.o)
 .data          0x0000000000800061        0x0 /usr/lib/gcc/avr/4.7.2/avr25/tiny-stack/libgcc.a(_exit.o)
 .data          0x0000000000800061        0x0 /usr/lib/gcc/avr/4.7.2/avr25/tiny-stack/libgcc.a(_copy_data.o)
 .data          0x0000000000800061        0x0 /usr/lib/gcc/avr/4.7.2/avr25/tiny-stack/libgcc.a(_clear_bss.o)
 .data          0x0000000000800061        0x0 /usr/lib/gcc/avr/4.7.2/../../../avr/lib/libc.a(memcpy.o)
 *(.data*)
 *(.rodata)
 *(.rodata*)
 *(.gnu.linkonce.d*)
                0x0000000000800062                . = ALIGN (0x2)
 *fill*         0x0000000000800061        0x1 00
                0x0000000000800062                _edata = .
                0x0000000000800062                PROVIDE (__data_end, .)

.bss            0x0000000000800062       0x24
                0x0000000000800062                PROVIDE (__bss_start, .)
 *(.bss)
 .bss           0x0000000000800062        0x0 /usr/lib/gcc/avr/4.7.2/../../../avr/lib/crttn2313.o
 .bss           0x0000000000800062        0x1 build/rfm12.o
 .bss           0x0000000000800063        0x0 build/main.o
 .bss           0x0000000000800063        0x0 /usr/lib/gcc/avr/4.7.2/avr25/tiny-stack/libgcc.a(_mulhi3.o)
 .bss           0x0000000000800063        0x0 /usr/lib/gcc/avr/4.7.2/avr25/tiny-stack/libgcc.a(_exit.o)
 .bss           0x0000000000800063        0x0 /usr/lib/gcc/avr/4.7.2/avr25/tiny-stack/libgcc.a(_copy_data.o)
 .bss           0x0000000000800063        0x0 /usr/lib/gcc/avr/4.7.2/avr25/tiny-stack/libgcc.a(_clear_bss.o)
 .bss           0x0000000000800063        0x0 /usr/lib/gcc/avr/4.7.2/../../../avr/lib/libc.a(memcpy.o)
 *(.bss*)
 *(COMMON)
 COMMON         0x0000000000800063       0x1d build/rfm12.o
                0x0000000000800063                ctrl
                0x000000000080006d                rf_rx_buffers
                0x0000000000800079                rf_tx_buffer
 COMMON         0x0000000000800080        0x6 build/main.o
                0x0000000000800080                cycle
                0x0000000000800081                delay
                0x0000000000800082                numberToDisplay
                0x0000000000800086                PROVIDE (__bss_end, .)
                0x00000000000005b8                __data_load_start = LOADADDR (.data)
                0x00000000000005ba                __data_load_end = (__data_load_start + SIZEOF (.data))

.noinit         0x0000000000800086        0x0
                0x0000000000800086                PROVIDE (__noinit_start, .)
 *(.noinit*)
                0x0000000000800086                PROVIDE (__noinit_end, .)
                0x0000000000800086                _end = .
                0x0000000000800086                PROVIDE (__heap_start, .)

.eeprom         0x0000000000810000        0x0
 *(.eeprom*)
                0x0000000000810000                __eeprom_end = .

.fuse
 *(.fuse)
 *(.lfuse)
 *(.hfuse)
 *(.efuse)

.lock
 *(.lock*)

.signature
 *(.signature*)

.stab           0x0000000000000000      0x738
 *(.stab)
 .stab          0x0000000000000000      0x6b4 /usr/lib/gcc/avr/4.7.2/../../../avr/lib/crttn2313.o
 .stab          0x00000000000006b4       0x84 /usr/lib/gcc/avr/4.7.2/../../../avr/lib/libc.a(memcpy.o)
                                         0x90 (size before relaxing)

.stabstr        0x0000000000000000       0x82
 *(.stabstr)
 .stabstr       0x0000000000000000       0x82 /usr/lib/gcc/avr/4.7.2/../../../avr/lib/crttn2313.o

.stab.excl
 *(.stab.excl)

.stab.exclstr
 *(.stab.exclstr)

.stab.index
 *(.stab.index)

.stab.indexstr
 *(.stab.indexstr)

.comment        0x0000000000000000       0x11
 *(.comment)
 .comment       0x0000000000000000       0x11 build/rfm12.o
                                         0x12 (size before relaxing)
 .comment       0x0000000000000000       0x12 build/main.o

.debug
 *(.debug)

.line
 *(.line)

.debug_srcinfo
 *(.debug_srcinfo)

.debug_sfnames
 *(.debug_sfnames)

.debug_aranges
 *(.debug_aranges)

.debug_pubnames
 *(.debug_pubnames)

.debug_info
 *(.debug_info)
 *(.gnu.linkonce.wi.*)

.debug_abbrev
 *(.debug_abbrev)

.debug_line
 *(.debug_line)

.debug_frame
 *(.debug_frame)

.debug_str
 *(.debug_str)

.debug_loc
 *(.debug_loc)

.debug_macinfo
 *(.debug_macinfo)
OUTPUT(build/RFMDisplay.elf elf32-avr)
LOAD linker stubs

Cross Reference Table

Symbol                                            File
__bad_interrupt                                   /usr/lib/gcc/avr/4.7.2/../../../avr/lib/crttn2313.o
__bss_end                                         /usr/lib/gcc/avr/4.7.2/avr25/tiny-stack/libgcc.a(_clear_bss.o)
__bss_start                                       /usr/lib/gcc/avr/4.7.2/avr25/tiny-stack/libgcc.a(_clear_bss.o)
__data_end                                        /usr/lib/gcc/avr/4.7.2/avr25/tiny-stack/libgcc.a(_copy_data.o)
__data_load_start                                 /usr/lib/gcc/avr/4.7.2/avr25/tiny-stack/libgcc.a(_copy_data.o)
__data_start                                      /usr/lib/gcc/avr/4.7.2/avr25/tiny-stack/libgcc.a(_copy_data.o)
__do_clear_bss                                    /usr/lib/gcc/avr/4.7.2/avr25/tiny-stack/libgcc.a(_clear_bss.o)
                                                  build/main.o
                                                  build/rfm12.o
__do_copy_data                                    /usr/lib/gcc/avr/4.7.2/avr25/tiny-stack/libgcc.a(_copy_data.o)
                                                  build/rfm12.o
__heap_end                                        /usr/lib/gcc/avr/4.7.2/../../../avr/lib/crttn2313.o
__init                                            /usr/lib/gcc/avr/4.7.2/../../../avr/lib/crttn2313.o
__mulhi3                                          /usr/lib/gcc/avr/4.7.2/avr25/tiny-stack/libgcc.a(_mulhi3.o)
                                                  build/rfm12.o
__stack                                           /usr/lib/gcc/avr/4.7.2/../../../avr/lib/crttn2313.o
__vector_1                                        /usr/lib/gcc/avr/4.7.2/../../../avr/lib/crttn2313.o
__vector_10                                       /usr/lib/gcc/avr/4.7.2/../../../avr/lib/crttn2313.o
__vector_11                                       /usr/lib/gcc/avr/4.7.2/../../../avr/lib/crttn2313.o
__vector_12                                       /usr/lib/gcc/avr/4.7.2/../../../avr/lib/crttn2313.o
__vector_13                                       /usr/lib/gcc/avr/4.7.2/../../../avr/lib/crttn2313.o
__vector_14                                       /usr/lib/gcc/avr/4.7.2/../../../avr/lib/crttn2313.o
__vector_15                                       /usr/lib/gcc/avr/4.7.2/../../../avr/lib/crttn2313.o
__vector_16                                       /usr/lib/gcc/avr/4.7.2/../../../avr/lib/crttn2313.o
__vector_17                                       /usr/lib/gcc/avr/4.7.2/../../../avr/lib/crttn2313.o
__vector_18                                       /usr/lib/gcc/avr/4.7.2/../../../avr/lib/crttn2313.o
__vector_2                                        build/rfm12.o
                                                  /usr/lib/gcc/avr/4.7.2/../../../avr/lib/crttn2313.o
__vector_3                                        /usr/lib/gcc/avr/4.7.2/../../../avr/lib/crttn2313.o
__vector_4                                        build/main.o
                                                  /usr/lib/gcc/avr/4.7.2/../../../avr/lib/crttn2313.o
__vector_5                                        /usr/lib/gcc/avr/4.7.2/../../../avr/lib/crttn2313.o
__vector_6                                        /usr/lib/gcc/avr/4.7.2/../../../avr/lib/crttn2313.o
__vector_7                                        /usr/lib/gcc/avr/4.7.2/../../../avr/lib/crttn2313.o
__vector_8                                        /usr/lib/gcc/avr/4.7.2/../../../avr/lib/crttn2313.o
__vector_9                                        /usr/lib/gcc/avr/4.7.2/../../../avr/lib/crttn2313.o
__vector_default                                  /usr/lib/gcc/avr/4.7.2/../../../avr/lib/crttn2313.o
__vectors                                         /usr/lib/gcc/avr/4.7.2/../../../avr/lib/crttn2313.o
_exit                                             /usr/lib/gcc/avr/4.7.2/avr25/tiny-stack/libgcc.a(_exit.o)
ctrl                                              build/main.o
                                                  build/rfm12.o
cycle                                             build/main.o
delay                                             build/main.o
exit                                              /usr/lib/gcc/avr/4.7.2/avr25/tiny-stack/libgcc.a(_exit.o)
                                                  /usr/lib/gcc/avr/4.7.2/../../../avr/lib/crttn2313.o
loop                                              build/main.o
main                                              build/main.o
                                                  /usr/lib/gcc/avr/4.7.2/../../../avr/lib/crttn2313.o
memcpy                                            /usr/lib/gcc/avr/4.7.2/../../../avr/lib/libc.a(memcpy.o)
                                                  build/rfm12.o
numberToDisplay                                   build/main.o
rf_rx_buffers                                     build/rfm12.o
rf_tx_buffer                                      build/rfm12.o
rfm12_data                                        build/rfm12.o
rfm12_data_inline                                 build/rfm12.o
rfm12_init                                        build/rfm12.o
                                                  build/main.o
rfm12_read                                        build/rfm12.o
rfm12_read_fifo_inline                            build/rfm12.o
rfm12_read_int_flags_inline                       build/rfm12.o
rfm12_rx_clear                                    build/rfm12.o
                                                  build/main.o
rfm12_start_tx                                    build/rfm12.o
rfm12_tick                                        build/rfm12.o
                                                  build/main.o
rfm12_tx                                          build/rfm12.o
setup                                             build/main.o
spi_init                                          build/rfm12.o
